[2025-11-28T17:53:00.764+0100][gc,init] CardTable entry size: 512
[2025-11-28T17:53:00.765+0100][gc     ] Using G1
[2025-11-28T17:53:00.818+0100][gc,init] Version: 21.0.7+6-Debian-1 (release)
[2025-11-28T17:53:00.818+0100][gc,init] CPUs: 6 total, 6 available
[2025-11-28T17:53:00.818+0100][gc,init] Memory: 15620M
[2025-11-28T17:53:00.818+0100][gc,init] Large Page Support: Disabled
[2025-11-28T17:53:00.818+0100][gc,init] NUMA Support: Disabled
[2025-11-28T17:53:00.818+0100][gc,init] Compressed Oops: Enabled (32-bit)
[2025-11-28T17:53:00.819+0100][gc,init] Heap Region Size: 1M
[2025-11-28T17:53:00.819+0100][gc,init] Heap Min Capacity: 1G
[2025-11-28T17:53:00.819+0100][gc,init] Heap Initial Capacity: 1G
[2025-11-28T17:53:00.819+0100][gc,init] Heap Max Capacity: 1G
[2025-11-28T17:53:00.819+0100][gc,init] Pre-touch: Disabled
[2025-11-28T17:53:00.819+0100][gc,init] Parallel Workers: 6
[2025-11-28T17:53:00.819+0100][gc,init] Concurrent Workers: 2
[2025-11-28T17:53:00.819+0100][gc,init] Concurrent Refinement Workers: 6
[2025-11-28T17:53:00.819+0100][gc,init] Periodic GC: Disabled
[2025-11-28T17:53:00.856+0100][gc,metaspace] CDS archive(s) mapped at: [0x00007f7577000000-0x00007f7577c97000-0x00007f7577c97000), size 13201408, SharedBaseAddress: 0x00007f7577000000, ArchiveRelocationMode: 1.
[2025-11-28T17:53:00.856+0100][gc,metaspace] Compressed class space mapped at: 0x00007f7578000000-0x00007f75b8000000, reserved size: 1073741824
[2025-11-28T17:53:00.856+0100][gc,metaspace] Narrow klass base: 0x00007f7577000000, Narrow klass shift: 0, Narrow klass range: 0x100000000
[2025-11-28T17:53:02.807+0100][gc,start    ] GC(0) Pause Young (Normal) (G1 Evacuation Pause)
[2025-11-28T17:53:02.813+0100][gc,task     ] GC(0) Using 6 workers of 6 for evacuation
[2025-11-28T17:53:02.836+0100][gc,mmu      ] GC(0) MMU target violated: 21.0ms (20.0ms/21.0ms)
[2025-11-28T17:53:02.837+0100][gc,phases   ] GC(0)   Pre Evacuate Collection Set: 1.5ms
[2025-11-28T17:53:02.837+0100][gc,phases   ] GC(0)   Merge Heap Roots: 1.1ms
[2025-11-28T17:53:02.837+0100][gc,phases   ] GC(0)   Evacuate Collection Set: 15.5ms
[2025-11-28T17:53:02.837+0100][gc,phases   ] GC(0)   Post Evacuate Collection Set: 4.9ms
[2025-11-28T17:53:02.837+0100][gc,phases   ] GC(0)   Other: 6.0ms
[2025-11-28T17:53:02.837+0100][gc,heap     ] GC(0) Eden regions: 51->0(44)
[2025-11-28T17:53:02.837+0100][gc,heap     ] GC(0) Survivor regions: 0->7(7)
[2025-11-28T17:53:02.837+0100][gc,heap     ] GC(0) Old regions: 2->4
[2025-11-28T17:53:02.837+0100][gc,heap     ] GC(0) Humongous regions: 0->0
[2025-11-28T17:53:02.837+0100][gc,metaspace] GC(0) Metaspace: 15725K(16000K)->15725K(16000K) NonClass: 14008K(14144K)->14008K(14144K) Class: 1716K(1856K)->1716K(1856K)
[2025-11-28T17:53:02.837+0100][gc          ] GC(0) Pause Young (Normal) (G1 Evacuation Pause) 52M->9M(1024M) 29.837ms
[2025-11-28T17:53:02.837+0100][gc,cpu      ] GC(0) User=0.04s Sys=0.04s Real=0.04s
[2025-11-28T17:53:03.337+0100][gc,start    ] GC(1) Pause Young (Concurrent Start) (Metadata GC Threshold)
[2025-11-28T17:53:03.337+0100][gc,task     ] GC(1) Using 6 workers of 6 for evacuation
[2025-11-28T17:53:03.355+0100][gc,phases   ] GC(1)   Pre Evacuate Collection Set: 1.3ms
[2025-11-28T17:53:03.355+0100][gc,phases   ] GC(1)   Merge Heap Roots: 0.8ms
[2025-11-28T17:53:03.355+0100][gc,phases   ] GC(1)   Evacuate Collection Set: 11.1ms
[2025-11-28T17:53:03.355+0100][gc,phases   ] GC(1)   Post Evacuate Collection Set: 3.6ms
[2025-11-28T17:53:03.355+0100][gc,phases   ] GC(1)   Other: 0.9ms
[2025-11-28T17:53:03.355+0100][gc,heap     ] GC(1) Eden regions: 17->0(49)
[2025-11-28T17:53:03.355+0100][gc,heap     ] GC(1) Survivor regions: 7->2(7)
[2025-11-28T17:53:03.355+0100][gc,heap     ] GC(1) Old regions: 4->11
[2025-11-28T17:53:03.355+0100][gc,heap     ] GC(1) Humongous regions: 0->0
[2025-11-28T17:53:03.355+0100][gc,metaspace] GC(1) Metaspace: 21252K(21504K)->21252K(21504K) NonClass: 18735K(18880K)->18735K(18880K) Class: 2516K(2624K)->2516K(2624K)
[2025-11-28T17:53:03.355+0100][gc          ] GC(1) Pause Young (Concurrent Start) (Metadata GC Threshold) 25M->11M(1024M) 18.481ms
[2025-11-28T17:53:03.355+0100][gc,cpu      ] GC(1) User=0.06s Sys=0.02s Real=0.01s
[2025-11-28T17:53:03.355+0100][gc          ] GC(2) Concurrent Mark Cycle
[2025-11-28T17:53:03.355+0100][gc,marking  ] GC(2) Concurrent Scan Root Regions
[2025-11-28T17:53:03.358+0100][gc,marking  ] GC(2) Concurrent Scan Root Regions 2.650ms
[2025-11-28T17:53:03.358+0100][gc,marking  ] GC(2) Concurrent Mark
[2025-11-28T17:53:03.358+0100][gc,marking  ] GC(2) Concurrent Mark From Roots
[2025-11-28T17:53:03.358+0100][gc,task     ] GC(2) Using 2 workers of 2 for marking
[2025-11-28T17:53:03.366+0100][gc,marking  ] GC(2) Concurrent Mark From Roots 7.357ms
[2025-11-28T17:53:03.366+0100][gc,marking  ] GC(2) Concurrent Preclean
[2025-11-28T17:53:03.366+0100][gc,marking  ] GC(2) Concurrent Preclean 0.205ms
[2025-11-28T17:53:03.366+0100][gc,start    ] GC(2) Pause Remark
[2025-11-28T17:53:03.372+0100][gc          ] GC(2) Pause Remark 11M->11M(1024M) 5.703ms
[2025-11-28T17:53:03.372+0100][gc,cpu      ] GC(2) User=0.00s Sys=0.00s Real=0.01s
[2025-11-28T17:53:03.373+0100][gc,marking  ] GC(2) Concurrent Mark 14.342ms
[2025-11-28T17:53:03.373+0100][gc,marking  ] GC(2) Concurrent Rebuild Remembered Sets and Scrub Regions
[2025-11-28T17:53:03.375+0100][gc,marking  ] GC(2) Concurrent Rebuild Remembered Sets and Scrub Regions 2.240ms
[2025-11-28T17:53:03.375+0100][gc,start    ] GC(2) Pause Cleanup
[2025-11-28T17:53:03.376+0100][gc          ] GC(2) Pause Cleanup 11M->11M(1024M) 0.888ms
[2025-11-28T17:53:03.376+0100][gc,cpu      ] GC(2) User=0.00s Sys=0.00s Real=0.01s
[2025-11-28T17:53:03.377+0100][gc,marking  ] GC(2) Concurrent Clear Claimed Marks
[2025-11-28T17:53:03.377+0100][gc,marking  ] GC(2) Concurrent Clear Claimed Marks 0.126ms
[2025-11-28T17:53:03.377+0100][gc,marking  ] GC(2) Concurrent Cleanup for Next Mark
[2025-11-28T17:53:03.389+0100][gc,marking  ] GC(2) Concurrent Cleanup for Next Mark 12.005ms
[2025-11-28T17:53:03.389+0100][gc          ] GC(2) Concurrent Mark Cycle 33.628ms
[2025-11-28T17:53:06.014+0100][gc,start    ] GC(3) Pause Young (Prepare Mixed) (G1 Evacuation Pause)
[2025-11-28T17:53:06.014+0100][gc,task     ] GC(3) Using 6 workers of 6 for evacuation
[2025-11-28T17:53:06.035+0100][gc,mmu      ] GC(3) MMU target violated: 21.0ms (20.0ms/21.0ms)
[2025-11-28T17:53:06.035+0100][gc,phases   ] GC(3)   Pre Evacuate Collection Set: 1.4ms
[2025-11-28T17:53:06.035+0100][gc,phases   ] GC(3)   Merge Heap Roots: 1.3ms
[2025-11-28T17:53:06.036+0100][gc,phases   ] GC(3)   Evacuate Collection Set: 12.1ms
[2025-11-28T17:53:06.036+0100][gc,phases   ] GC(3)   Post Evacuate Collection Set: 6.1ms
[2025-11-28T17:53:06.036+0100][gc,phases   ] GC(3)   Other: 0.5ms
[2025-11-28T17:53:06.036+0100][gc,heap     ] GC(3) Eden regions: 49->0(45)
[2025-11-28T17:53:06.036+0100][gc,heap     ] GC(3) Survivor regions: 2->6(7)
[2025-11-28T17:53:06.036+0100][gc,heap     ] GC(3) Old regions: 11->11
[2025-11-28T17:53:06.036+0100][gc,heap     ] GC(3) Humongous regions: 0->0
[2025-11-28T17:53:06.036+0100][gc,metaspace] GC(3) Metaspace: 33953K(34368K)->33953K(34368K) NonClass: 30132K(30336K)->30132K(30336K) Class: 3821K(4032K)->3821K(4032K)
[2025-11-28T17:53:06.036+0100][gc          ] GC(3) Pause Young (Prepare Mixed) (G1 Evacuation Pause) 60M->15M(1024M) 21.936ms
[2025-11-28T17:53:06.036+0100][gc,cpu      ] GC(3) User=0.03s Sys=0.01s Real=0.02s
[2025-11-28T17:53:06.284+0100][gc,start    ] GC(4) Pause Young (Mixed) (Metadata GC Threshold)
[2025-11-28T17:53:06.284+0100][gc,task     ] GC(4) Using 6 workers of 6 for evacuation
[2025-11-28T17:53:06.313+0100][gc,mmu      ] GC(4) MMU target violated: 21.0ms (20.0ms/21.0ms)
[2025-11-28T17:53:06.313+0100][gc,phases   ] GC(4)   Pre Evacuate Collection Set: 1.5ms
[2025-11-28T17:53:06.313+0100][gc,phases   ] GC(4)   Merge Heap Roots: 0.6ms
[2025-11-28T17:53:06.313+0100][gc,phases   ] GC(4)   Evacuate Collection Set: 22.1ms
[2025-11-28T17:53:06.313+0100][gc,phases   ] GC(4)   Post Evacuate Collection Set: 4.8ms
[2025-11-28T17:53:06.313+0100][gc,phases   ] GC(4)   Other: 0.5ms
[2025-11-28T17:53:06.313+0100][gc,heap     ] GC(4) Eden regions: 7->0(50)
[2025-11-28T17:53:06.314+0100][gc,heap     ] GC(4) Survivor regions: 6->1(7)
[2025-11-28T17:53:06.314+0100][gc,heap     ] GC(4) Old regions: 11->16
[2025-11-28T17:53:06.314+0100][gc,heap     ] GC(4) Humongous regions: 9->9
[2025-11-28T17:53:06.314+0100][gc,metaspace] GC(4) Metaspace: 35561K(36096K)->35561K(36096K) NonClass: 31519K(31808K)->31519K(31808K) Class: 4042K(4288K)->4042K(4288K)
[2025-11-28T17:53:06.314+0100][gc          ] GC(4) Pause Young (Mixed) (Metadata GC Threshold) 31M->25M(1024M) 30.189ms
[2025-11-28T17:53:06.314+0100][gc,cpu      ] GC(4) User=0.04s Sys=0.01s Real=0.03s
[2025-11-28T17:53:06.507+0100][gc,start    ] GC(5) Pause Young (Concurrent Start) (Metadata GC Threshold)
[2025-11-28T17:53:06.508+0100][gc,task     ] GC(5) Using 6 workers of 6 for evacuation
[2025-11-28T17:53:06.523+0100][gc,phases   ] GC(5)   Pre Evacuate Collection Set: 1.3ms
[2025-11-28T17:53:06.524+0100][gc,phases   ] GC(5)   Merge Heap Roots: 0.8ms
[2025-11-28T17:53:06.524+0100][gc,phases   ] GC(5)   Evacuate Collection Set: 4.8ms
[2025-11-28T17:53:06.524+0100][gc,phases   ] GC(5)   Post Evacuate Collection Set: 5.9ms
[2025-11-28T17:53:06.524+0100][gc,phases   ] GC(5)   Other: 1.8ms
[2025-11-28T17:53:06.524+0100][gc,heap     ] GC(5) Eden regions: 3->0(50)
[2025-11-28T17:53:06.524+0100][gc,heap     ] GC(5) Survivor regions: 1->1(7)
[2025-11-28T17:53:06.524+0100][gc,heap     ] GC(5) Old regions: 16->16
[2025-11-28T17:53:06.524+0100][gc,heap     ] GC(5) Humongous regions: 9->9
[2025-11-28T17:53:06.524+0100][gc,metaspace] GC(5) Metaspace: 35932K(36416K)->35932K(36416K) NonClass: 31851K(32128K)->31851K(32128K) Class: 4080K(4288K)->4080K(4288K)
[2025-11-28T17:53:06.524+0100][gc          ] GC(5) Pause Young (Concurrent Start) (Metadata GC Threshold) 27M->25M(1024M) 16.932ms
[2025-11-28T17:53:06.524+0100][gc,cpu      ] GC(5) User=0.02s Sys=0.00s Real=0.02s
[2025-11-28T17:53:06.525+0100][gc          ] GC(6) Concurrent Mark Cycle
[2025-11-28T17:53:06.525+0100][gc,marking  ] GC(6) Concurrent Scan Root Regions
[2025-11-28T17:53:06.529+0100][gc,marking  ] GC(6) Concurrent Scan Root Regions 4.727ms
[2025-11-28T17:53:06.529+0100][gc,marking  ] GC(6) Concurrent Mark
[2025-11-28T17:53:06.530+0100][gc,marking  ] GC(6) Concurrent Mark From Roots
[2025-11-28T17:53:06.530+0100][gc,task     ] GC(6) Using 2 workers of 2 for marking
[2025-11-28T17:53:06.556+0100][gc,marking  ] GC(6) Concurrent Mark From Roots 26.293ms
[2025-11-28T17:53:06.556+0100][gc,marking  ] GC(6) Concurrent Preclean
[2025-11-28T17:53:06.556+0100][gc,marking  ] GC(6) Concurrent Preclean 0.230ms
[2025-11-28T17:53:06.557+0100][gc,start    ] GC(6) Pause Remark
[2025-11-28T17:53:06.570+0100][gc          ] GC(6) Pause Remark 26M->26M(1024M) 12.953ms
[2025-11-28T17:53:06.570+0100][gc,cpu      ] GC(6) User=0.02s Sys=0.00s Real=0.01s
[2025-11-28T17:53:06.573+0100][gc,marking  ] GC(6) Concurrent Mark 43.919ms
[2025-11-28T17:53:06.573+0100][gc,marking  ] GC(6) Concurrent Rebuild Remembered Sets and Scrub Regions
[2025-11-28T17:53:06.586+0100][gc,marking  ] GC(6) Concurrent Rebuild Remembered Sets and Scrub Regions 12.195ms
[2025-11-28T17:53:06.587+0100][gc,start    ] GC(6) Pause Cleanup
[2025-11-28T17:53:06.590+0100][gc          ] GC(6) Pause Cleanup 26M->26M(1024M) 2.829ms
[2025-11-28T17:53:06.590+0100][gc,cpu      ] GC(6) User=0.00s Sys=0.00s Real=0.01s
[2025-11-28T17:53:06.590+0100][gc,marking  ] GC(6) Concurrent Clear Claimed Marks
[2025-11-28T17:53:06.591+0100][gc,marking  ] GC(6) Concurrent Clear Claimed Marks 0.225ms
[2025-11-28T17:53:06.591+0100][gc,marking  ] GC(6) Concurrent Cleanup for Next Mark
[2025-11-28T17:53:06.595+0100][gc,marking  ] GC(6) Concurrent Cleanup for Next Mark 4.638ms
[2025-11-28T17:53:06.595+0100][gc          ] GC(6) Concurrent Mark Cycle 70.870ms
[2025-11-28T17:53:08.156+0100][gc,start    ] GC(7) Pause Young (Prepare Mixed) (G1 Evacuation Pause)
[2025-11-28T17:53:08.156+0100][gc,task     ] GC(7) Using 6 workers of 6 for evacuation
[2025-11-28T17:53:08.180+0100][gc,mmu      ] GC(7) MMU target violated: 21.0ms (20.0ms/21.0ms)
[2025-11-28T17:53:08.180+0100][gc,phases   ] GC(7)   Pre Evacuate Collection Set: 2.8ms
[2025-11-28T17:53:08.180+0100][gc,phases   ] GC(7)   Merge Heap Roots: 1.1ms
[2025-11-28T17:53:08.180+0100][gc,phases   ] GC(7)   Evacuate Collection Set: 11.6ms
[2025-11-28T17:53:08.180+0100][gc,phases   ] GC(7)   Post Evacuate Collection Set: 8.0ms
[2025-11-28T17:53:08.180+0100][gc,phases   ] GC(7)   Other: 0.7ms
[2025-11-28T17:53:08.180+0100][gc,heap     ] GC(7) Eden regions: 50->0(44)
[2025-11-28T17:53:08.180+0100][gc,heap     ] GC(7) Survivor regions: 1->7(7)
[2025-11-28T17:53:08.180+0100][gc,heap     ] GC(7) Old regions: 16->18
[2025-11-28T17:53:08.180+0100][gc,heap     ] GC(7) Humongous regions: 138->138
[2025-11-28T17:53:08.181+0100][gc,metaspace] GC(7) Metaspace: 43398K(44224K)->43398K(44224K) NonClass: 38398K(38848K)->38398K(38848K) Class: 5000K(5376K)->5000K(5376K)
[2025-11-28T17:53:08.181+0100][gc          ] GC(7) Pause Young (Prepare Mixed) (G1 Evacuation Pause) 204M->162M(1024M) 24.887ms
[2025-11-28T17:53:08.181+0100][gc,cpu      ] GC(7) User=0.03s Sys=0.03s Real=0.03s
[2025-11-28T17:56:15.128+0100][gc,heap,exit] Heap
[2025-11-28T17:56:15.129+0100][gc,heap,exit]  garbage-first heap   total 1048576K, used 204662K [0x00000000c0000000, 0x0000000100000000)
[2025-11-28T17:56:15.129+0100][gc,heap,exit]   region size 1024K, 45 young (46080K), 7 survivors (7168K)
[2025-11-28T17:56:15.129+0100][gc,heap,exit]  Metaspace       used 47330K, committed 48384K, reserved 1114112K
[2025-11-28T17:56:15.129+0100][gc,heap,exit]   class space    used 5525K, committed 6016K, reserved 1048576K
